// Jest Snapshot v1, https://goo.gl/fbAQLP

exports[`should render incomes page 1`] = `
<Fragment>
  <h1>
    Incomes List
  </h1>
  <hr />
  <ConnectFunction />
  <ConnectFunction
    type="income"
  />
  <hr />
  <ConnectFunction />
  <hr />
  <Link
    to="/createinc"
  >
    <button
      className="btn btn-dark"
    >
      Add Income
    </button>
  </Link>
</Fragment>
`;
