// Jest Snapshot v1, https://goo.gl/fbAQLP

exports[`should render list of expenses 1`] = `
<Fragment>
  <div
    key="1"
  >
    <Link
      to="/edit/1"
    >
      <h3>
        Gum
      </h3>
    </Link>
    <ul>
      <li>
        $1.95
      </li>
      <li>
        December 31st, 1969
      </li>
    </ul>
  </div>
  <div
    key="2"
  >
    <Link
      to="/edit/2"
    >
      <h3>
        Rent
      </h3>
    </Link>
    <ul>
      <li>
        $1,095.00
      </li>
      <li>
        December 27th, 1969
      </li>
    </ul>
  </div>
  <div
    key="3"
  >
    <Link
      to="/edit/3"
    >
      <h3>
        Credit Card
      </h3>
    </Link>
    <ul>
      <li>
        $45.00
      </li>
      <li>
        January 4th, 1970
      </li>
    </ul>
  </div>
</Fragment>
`;
