// Jest Snapshot v1, https://goo.gl/fbAQLP

exports[`should render NavBar correctly 1`] = `
<Fragment>
  <div
    id="cont"
  >
    <div
      id="menu-fixed"
    >
      <a
        href="#cont"
      >
        <i
          className="material-icons back"
        >
          
        </i>
      </a>
      <a
        href="#menu-fixed"
      >
        <div
          className="logo"
        >
          <span />
          <p>
            CB
          </p>
        </div>
        <p
          className="pmenu"
        >
          MENU
        </p>
      </a>
      <hr />
      <ul
        className="menu"
      >
        <Link
          to="/dashboard"
        >
          <li>
            <i
              className="material-icons"
            >
              
            </i>
            <p>
              Home
            </p>
          </li>
        </Link>
        <Link
          to="/incomes"
        >
          <li>
            <i
              className="material-icons"
            >
               add
            </i>
            <p>
              Incomes
            </p>
          </li>
        </Link>
        <Link
          to="/expenses"
        >
          <li>
            <i
              className="material-icons"
            >
              remove
            </i>
            <p>
              Expenses
            </p>
          </li>
        </Link>
        <Link
          to="/savings"
        >
          <li>
            <i
              className="material-icons"
            >
              attach_money
            </i>
            <p>
              Savings
            </p>
          </li>
        </Link>
        <Link
          to="/help"
        >
          <li>
            <i
              className="material-icons"
            >
              
            </i>
            <p>
              Settings
            </p>
          </li>
        </Link>
        <li
          onClick={[Function]}
        >
          <i
            className="material-icons"
          >
            desktop_access_disabled
          </i>
          <p>
            Logout
          </p>
        </li>
      </ul>
      <i
        className="material-icons info"
      >
        
      </i>
    </div>
  </div>
</Fragment>
`;
