// Jest Snapshot v1, https://goo.gl/fbAQLP

exports[`should render expenses page 1`] = `
<Fragment>
  <h1>
    Expense List
  </h1>
  <hr />
  <ConnectFunction />
  <ConnectFunction
    type="expense"
  />
  <hr />
  <ConnectFunction />
  <hr />
  <Link
    to="/create"
  >
    <button
      className="btn btn-dark"
    >
      Add Expense
    </button>
  </Link>
</Fragment>
`;
